[1] 240.56
[1] 237.281
[1] 299.0256
[1] 289.3533
[1] 66.21333
[1] 42.15913
[1] 251.0352
[1] 247.8831
[1] 30.29359
[1] 26.86477
[1] 286.2126
[1] 283.4948
[1] 67.62925
[1] 56.34789
[1] 273.5601
[1] 268.7129
[1] 350.5463
[1] 346.4239
[1] 1662.2
[1] 1636.145
[1] -2.557268
[1] -8.959629
[1] 1337.199
[1] 1330.275
[1] 122.6273
[1] 113.1615
[1] 33.23066
[1] 25.44243
[1] 150.7741
[1] 147.3074
[1] 104.2098
[1] 102.6011
[1] 1424.78
[1] 1413.547
[1] 1390.501
[1] 1375.78
[1] 357.0523
[1] 343.8095
[1] 111.3654
[1] 106.6519
[1] -0.8785535
[1] -2.856356
[1] 108.3064
[1] 106.3171
[1] 1719.986
[1] 1698.205
[1] 70.3564
[1] 66.09255
[1] 50.03943
[1] 44.79231
[1] 938.5244
[1] 936.8711
[1] 91.07856
[1] 86.00957
[1] 1.911005
[1] -0.4773804
[1] 407.786
[1] 396.8326
[1] 104.8223
[1] 102.4028
[1] 254.2804
[1] 250.3072
[1] 1646.533
[1] 1607.827
[1] 261.1517
[1] 252.3989
[1] 35.2901
[1] 28.91632
[1] 450.6391
[1] 441.5638
[1] 71.10326
[1] 51.49188
[1] 108.74
[1] 106.4029
[1] 957.2598
[1] 955.594
[1] 20.61956
[1] 17.73746
[1] 1385.052
[1] 1378.777
[1] 76.97005
[1] 74.80984
[1] 52.4217
[1] 33.69572
[1] 55.3122
[1] 50.3741
[1] 5.2438
[1] -1.589676
[1] 180.4116
[1] 160.0556
[1] 165.6702
[1] 157.1413
[1] 194.1232
[1] 193.1285
[1] 509.0064
[1] 476.8679
[1] 58.77465
[1] 55.87697
[1] 498.5339
[1] 445.2014
[1] 31.18194
[1] 22.9757
[1] 595.6462
[1] 589.3457
[1] 18.40202
[1] 5.752925
[1] 168.7331
[1] 164.9339
[1] 4.082872
[1] -6.471169
[1] 291.8008
[1] 270.1199
[1] -1.656148
[1] -6.978564
[1] 237.47
[1] 231.4817
[1] 490.2751
[1] 486.8882
[1] 110.3195
[1] 108.3013
[1] 434.7642
[1] 395.3849
[1] 229.4505
[1] 226.0468
[1] 203.7034
[1] 199.8669
[1] 190.0251
[1] 183.7606
[1] 585.303
[1] 580.0741
[1] 175.7207
[1] 173.369
[1] 189.1417
[1] 183.2267
[1] 175.2971
[1] 164.111
[1] 185.6755
[1] 177.7256
[1] 514.3309
[1] 479.995
[1] 215.2309
[1] 205.34
[1] 209.1593
[1] 205.0388
[1] 328.9914
[1] 320.3138
[1] 335.4214
[1] 331.0461
[1] 376.8598
[1] 334.7545
[1] 156.5143
[1] 153.575
[1] 471.5066
[1] 449.5611
[1] 177.7252
[1] 175.6076
[1] 269.6633
[1] 263.2888
[1] 55.31755
[1] 50.50308
[1] 234.4056
[1] 229.0737
[1] 165.8079
[1] 160.7039
[1] 218.4495
[1] 211.0062
[1] 154.2848
[1] 150.0101
[1] 392.6175
[1] 385.9214
[1] 232.1416
[1] 226.4201
[1] 407.4118
[1] 389.9395
[1] 165.6201
[1] 162.833
[1] 302.0786
[1] 295.5788
[1] 236.9033
[1] 230.3547
[1] 195.1771
[1] 192.0999
[1] 182.6464
[1] 176.9977
[1] 304.4477
[1] 294.9627
[1] 349.9744
[1] 339.2288
[1] 184.0671
[1] 181.1585
[1] 140.1937
[1] 136.5993
[1] 245.2923
[1] 234.7733
[1] 142.7226
[1] 141.3372
[1] 189.8017
[1] 185.9169
[1] 300.9623
[1] 292.0594
[1] 28.2715
[1] 23.87639
[1] 111.2445
[1] 107.0073
[1] 259.2012
[1] 250.7808
[1] 182.8843
[1] 181.191
[1] 88.34829
[1] 76.04458
[1] 138.2959
[1] 128.5193
[1] 206.2478
[1] 197.9725
[1] 30.29089
[1] 19.37353
[1] 11.32624
[1] 9.462595
[1] 217.6688
[1] 215.3956
[1] 50.25396
[1] 45.61133
[1] 181.0003
[1] 170.8517
[1] 252.6005
[1] 245.4298
[1] 219.7251
[1] 215.5948
[1] 231.4924
[1] 218.4824
[1] 20.85547
[1] 15.1415
[1] 25.40035
[1] -5.751993
[1] 221.0167
[1] 211.8556
[1] 353.0247
[1] 342.1176
[1] 222.6501
[1] 219.7078
[1] 53.75611
[1] 49.85439
[1] -3.773096
[1] -6.328385
[1] 214.9272
[1] 212.5397
[1] 376.2704
[1] 365.2147
[1] 268.0756
[1] 240.2222
[1] 227.9007
[1] 224.5116
[1] 177.3157
[1] 170.4329
[1] 285.5507
[1] 279.5803
[1] 164.6644
[1] 157.3279
[1] 205.3244
[1] 203.5314
[1] 291.0758
[1] 274.3304
[1] 250.1271
[1] 237.729
[1] 133.257
[1] 130.6067
[1] 120.7698
[1] 116.508
[1] 249.1067
[1] 238.7698
[1] 306.5798
[1] 297.5756
[1] 316.7879
[1] 304.5173
[1] 233.1365
[1] 231.8207
[1] 232.8086
[1] 230.3976
[1] 326.8387
[1] 313.5911
[1] 152.2967
[1] 145.3847
[1] 147.9699
[1] 146.3271
[1] 127.6007
[1] 123.4964
[1] 108.717
[1] 105.2359
[1] 125.1636
[1] 121.4061
[1] 60.11017
[1] 57.46597
[1] 131.8915
[1] 124.1353
[1] 109.4652
[1] 103.7431
[1] 130.4714
[1] 123.8444
[1] 411.9742
[1] 376.1368
[1] 82.78126
[1] 78.24785
[1] 2.068969
[1] -8.301306
[1] 153.5392
[1] 149.2322
[1] 176.5792
[1] 167.8012
[1] -3.882337
[1] -6.091588
[1] 125.1961
[1] 118.1851
[1] 203.8567
[1] 195.0633
[1] 131.6481
[1] 128.251
[1] 126.0912
[1] 111.1183
[1] 219.0966
[1] 200.8867
[1] 85.64704
[1] 61.31805
[1] 60.52817
[1] 50.77719
[1] 454.6482
[1] 393.711
[1] 168.9556
[1] 161.6152
[1] 18.87693
[1] 15.73702
[1] 87.11438
[1] 82.31485
[1] 39.47073
[1] 26.05705
[1] 249.9386
[1] 240.8128
[1] 10.2246
[1] 1.819691
[1] 5.383184
[1] 1.177154
[1] 29.53358
[1] 22.5989
[1] 35.07533
[1] 26.00027
[1] 159.6656
[1] 137.5442
[1] 141.5106
[1] 132.8182
[1] 11.78388
[1] 8.737926
[1] 54.82569
[1] 50.92912
[1] 419.6157
[1] 413.5864
[1] 564.0882
[1] 553.9809
[1] 107.9989
[1] 99.98297
[1] 34.88421
[1] 27.86798
[1] 117.6694
[1] 114.9254
[1] 134.0725
[1] 125.0955
[1] 112.5757
[1] 109.8698
[1] 353.352
[1] 351.4627
[1] 375.193
[1] 366.0095
[1] 101.7111
[1] 99.50601
[1] 303.1049
[1] 292.8182
[1] 210.4551
[1] 204.368
[1] 87.22873
[1] 79.48457
[1] 111.4848
[1] 108.9857
[1] 733.7752
[1] 719.0316
[1] 48.68256
[1] 45.44481
[1] -3.413506
[1] -7.236686
[1] 0.7708151
[1] -4.529626
[1] 91.08838
[1] 86.90162
[1] 248.3742
[1] 242.7681
[1] 286.7034
[1] 277.9906
[1] 146.2572
[1] 142.0256
[1] 178.2601
[1] 177.0377
[1] 185.7187
[1] 178.168
[1] 302.0121
[1] 296.2912
[1] 38.58645
[1] 34.33889
[1] 30.32379
[1] 27.40836
[1] 56.0446
[1] 51.89478
[1] 9.075414
[1] 4.93764
[1] 19.83702
[1] 15.19498
[1] 37.91369
[1] 35.49572
[1] 258.4244
[1] 255.1322
[1] 80.71068
[1] 75.78779
[1] 1412.095
[1] 1409.158
[1] 79.67406
[1] 74.66163
[1] 23.03127
[1] 20.81502
[1] 11.19525
[1] 8.618966
[1] 91.21491
[1] 85.84527
[1] 520.6455
[1] 512.522
[1] 16.70037
[1] 7.300773
[1] 6.051203
[1] 3.523847
[1] -3.066284
[1] -6.179556
[1] 0.6703315
[1] -3.507093
[1] 1194.064
[1] 1190.379
[1] 116.6231
[1] 107.4416
[1] -3.003782
[1] -6.216936
[1] 232.4253
[1] 230.0019
[1] 1224.12
[1] 1213.42
[1] 0.3419052
[1] -4.636185
[1] 73.93983
[1] 69.37888
[1] 53.94237
[1] 48.13329
[1] 519.7215
[1] 515.9914
[1] 1241.269
[1] 1234.77
[1] 29.41454
[1] 25.13475
[1] -0.8180292
[1] -8.971745
[1] 26.35232
[1] 17.19171
[1] 65.42484
[1] 17.33661
[1] 2.953113
[1] -1.326517
[1] 108.1803
[1] 94.63709
[1] 267.2872
[1] 246.1153
[1] 46.07224
[1] 41.24264
[1] 75.70045
[1] 64.78108
[1] 238.3311
[1] 227.2448
[1] 303.3726
[1] 278.1856
[1] -0.4523442
[1] -5.610622
[1] 103.0582
[1] 87.89959
[1] 190.5545
[1] 188.6597
[1] 292.3336
[1] 291.1388
[1] 285.5867
[1] 283.4395
[1] 235.2468
[1] 179.9876
[1] 38.50907
[1] 29.80098
[1] 42.52715
[1] 36.83023
[1] 166.4876
[1] 164.6143
[1] 116.5633
[1] 112.3656
[1] 220.1683
[1] 219.125
[1] 81.48293
[1] 78.75104
[1] 198.3042
[1] 190.3348
[1] 82.48704
[1] 67.40515
[1] 202.5919
[1] 199.8183
[1] 209.9698
[1] 203.3678
[1] 465.0588
[1] 454.6594
[1] 180.4817
[1] 178.314
[1] 200.1114
[1] 193.2542
[1] 368.3308
[1] 360.9942
[1] 238.3859
[1] 233.8397
[1] 182.3522
[1] 178.8401
[1] 81.25154
[1] 69.39974
[1] 567.4798
[1] 553.2967
[1] 139.2024
[1] 128.5661
[1] 2.581771
[1] -9.543088
[1] 52.55755
[1] -31.07005
[1] 230.8046
[1] 228.2066
[1] 227.6521
[1] 222.2296
[1] 342.0718
[1] 338.8564
[1] 135.9451
[1] 116.3389
[1] 630.0788
[1] 610.8821
[1] 233.8031
[1] 228.9042
[1] 238.9175
[1] 235.4423
[1] 199.6322
[1] 196.186
[1] 233.5374
[1] 230.6909
[1] 252.6665
[1] 251.5165
[1] 250.3199
[1] 233.4441
[1] 184.5904
[1] 178.5054
[1] 179.2453
[1] 171.1277
[1] 569.1386
[1] 559.6743
[1] 241.0005
[1] 238.5029
[1] 1221.908
[1] 1211.478
[1] 632.0161
[1] 624.1769
[1] 240.8824
[1] 235.0693
[1] 844.8512
[1] 831.4751
[1] 693.1694
[1] 679.7891
[1] 15.83535
[1] 14.81936
[1] 12.03367 12.03367 12.03367 12.03367 12.03367
[1] 18.11962 18.11962 18.11962 18.11962 18.11962
[1] 1842.666
[1] 1835.666
[1] 1421.092
[1] 1404.992
[1] 323.6171
[1] 317.0276
[1] 288.9121
[1] 281.2057
[1] 823.5178
[1] 806.3484
[1] 223.6159
[1] 220.8681
[1] 45.37699
[1] 35.78158
[1] 621.0942
[1] 614.3925
[1] 191.3501
[1] 181.5421
[1] 457.4469
[1] 450.973
[1] 224.2593
[1] 221.9374
[1] 187.163
[1] 181.4265
[1] 1025.227
[1] 1004.618
[1] 174.0381
[1] 171.6125
[1] 138.2639 138.2639 138.2639 138.2639 138.2639
[1] 177.4738
[1] 374.836
[1] 319.0049
[1] 276.6999 276.6999 276.6999 276.6999 276.6999
[1] 374.746
[1] 89.66553
[1] 85.24945
[1] 290.507
[1] 285.6215
[1] 174.0979
[1] 168.4486
[1] 235.6566
[1] 230.4257
[1] 1931.568
[1] 1928.009
[1] 141.0499
[1] 127.0953
[1] 278.0548
[1] 276.1114
[1] 221.5187 221.5187 221.5187 221.5187 221.5187
[1] 283.1244
[1] 277.7624
[1] 243.9801
[1] 667.8023
[1] 645.8461
[1] 21.86415
[1] 18.31777
[1] 8.546606
[1] 6.302232
[1] 217.4722
[1] 215.2477
[1] 34.18134
[1] 21.1832
[1] 19.47847 19.47847 19.47847 19.47847 19.47847
[1] 29.45619 29.45619 29.45619 29.45619 29.45619
[1] 940.1356
[1] 922.9627
[1] 745.797 745.797 745.797 745.797 745.797
[1] 940.0456
[1] 672.9856
[1] 668.3849
[1] 74.74175
[1] 60.04813
[1] 53.67543 53.67543 53.67543 53.67543 53.67543
[1] 74.65175
[1] 97.41287
[1] 94.08023
[1] 76.49123 76.49123 76.49123 76.49123 76.49123
[1] 100.9063
[1] 558.5841
[1] 537.8593
[1] 444.0048 444.0048 444.0048 444.0048 444.0048
[1] 558.4941
[1] 530.434
[1] 517.0806
[1] 419.7564 419.7564 419.7564 419.7564 419.7564
[1] 530.344
[1] 276.0591
[1] 254.3452
[1] 212.5681 212.5681 212.5681 212.5681 212.5681
[1] 275.9691
[1] 1784.591
[1] 1743.402
[1] 34.74369
[1] 31.96607
[1] 135.5187
[1] 131.724
[1] 106.6893 106.6893 106.6893 106.6893 106.6893
[1] 137.6327
[1] 15.46747
[1] 9.242738
[1] 79.66914
[1] 76.46883
[1] 62.40602 62.40602 62.40602 62.40602 62.40602
[1] 82.94079
[1] 100.5498
[1] 91.1427
[1] 76.3373 76.3373 76.3373 76.3373 76.3373
[1] 100.4598
[1] 68.57107
[1] 63.84294
[1] 53.57927 53.57927 53.57927 53.57927 53.57927
[1] 69.6863
[1] 90.71536
[1] 83.53049
[1] 71.5605 71.5605 71.5605 71.5605 71.5605
[1] 90.62536
[1] 8.676049
[1] -1.981158
[1] 2.54574 2.54574 2.54574 2.54574 2.54574
[1] 8.586049
[1] 52.1768
[1] 30.14464
[1] 161.7978
[1] 122.6153
[1] 114.6333 114.6333 114.6333 114.6333 114.6333
[1] 161.7078
[1] 45.23363
[1] 42.33306
[1] 34.79754 34.79754 34.79754 34.79754 34.79754
[1] 49.02881
[1] 231.2223
[1] 226.1116
[1] 183.1887 183.1887 183.1887 183.1887 183.1887
[1] 232.0924
[1] 1003.541
[1] 993.3056
[1] 798.0227 798.0227 798.0227 798.0227 798.0227
[1] 1003.451
[1] 177.7584
[1] 138.5957
[1] 172.7734
[1] 167.414
[1] 135.64 135.64 135.64 135.64 135.64
[1] 172.8718
[1] 20.03349
[1] 14.73187
[1] 14.11707 14.11707 14.11707 14.11707 14.11707
[1] 20.37606
[1] 599.8051
[1] 593.9872
[1] 477.3885 477.3885 477.3885 477.3885 477.3885
[1] 600.144
[1] 87.34238
[1] 84.03981
[1] 68.50185 68.50185 68.50185 68.50185 68.50185
[1] 90.2006
[1] 73.78089
[1] 68.84263
[1] 57.26522 57.26522 57.26522 57.26522 57.26522
[1] 76.0643
[1] 31.25535
[1] 28.79785
[1] 23.92765 23.92765 23.92765 23.92765 23.92765
[1] 35.01994
[1] 206.6733
[1] 201.0005
[1] 162.8469 162.8469 162.8469 162.8469 162.8469
[1] 207.3182
[1] 32.53316
[1] 28.90978
[1] 24.50336 24.50336 24.50336 24.50336 24.50336
[1] 36.19458
[1] 11.72709
[1] 9.164028
[1] 8.450025 8.450025 8.450025 8.450025 8.450025
[1] 13.48027 13.48027 13.48027 13.48027 13.48027
[1] 224.2855
[1] 217.2234
[1] 179.2335 179.2335 179.2335 179.2335 179.2335
[1] 224.1955
[1] 30.27518
[1] 28.06885
[1] 23.42195 23.42195 23.42195 23.42195 23.42195
[1] 34.50796
[1] 270.7567
[1] 267.8049
[1] 215.546 215.546 215.546 215.546 215.546
[1] 273.6722
[1] 102.0608
[1] 99.14276
[1] 80.85224 80.85224 80.85224 80.85224 80.85224
[1] 105.425
[1] 12.87863
[1] 10.30059
[1] 9.121382 9.121382 9.121382 9.121382 9.121382
[1] 15.769 15.769 15.769 15.769 15.769
[1] 94.7468
[1] 91.80804
[1] 74.30873 74.30873 74.30873 74.30873 74.30873
[1] 98.18125
[1] 33.16799
[1] 31.05929
[1] 25.69898 25.69898 25.69898 25.69898 25.69898
[1] 37.89812
[1] 14.30502
[1] 11.12333
[1] 9.947845 9.947845 9.947845 9.947845 9.947845
[1] 15.08605 15.08605 15.08605 15.08605 15.08605
[1] 301.2689
[1] 288.4837
[1] 237.2367 237.2367 237.2367 237.2367 237.2367
[1] 301.1789
[1] -1.304736
[1] -9.271134
[1] -4.684235 -4.684235 -4.684235 -4.684235 -4.684235
[1] -1.394736
[1] 98.10142
[1] 94.57081
[1] 77.18571 77.18571 77.18571 77.18571 77.18571
[1] 101.6294
[1] 64.17415
[1] 61.26176
[1] 50.11905 50.11905 50.11905 50.11905 50.11905
[1] 67.24134
[1] 9.847073
[1] 6.119106
[1] 5.80216 5.80216 5.80216 5.80216 5.80216
[1] 8.805274 8.805274 8.805274 8.805274 8.805274
[1] 14.89746
[1] 11.65737
[1] 10.13802 10.13802 10.13802 10.13802 10.13802
[1] 15.56616 15.56616 15.56616 15.56616 15.56616
[1] 115.6204
[1] 112.5119
[1] 91.28357 91.28357 91.28357 91.28357 91.28357
[1] 118.7024
[1] 88.5486
[1] 86.14885
[1] 69.71415 69.71415 69.71415 69.71415 69.71415
[1] 93.19025
[1] 24.28412
[1] 16.12358
[1] 16.64542 16.64542 16.64542 16.64542 16.64542
[1] 24.19412
[1] 154.1814
[1] 147.3676
[1] 120.9503 120.9503 120.9503 120.9503 120.9503
[1] 154.7261
[1] 1373.822
[1] 1371.085
[1] 33.49668
[1] 25.45298
[1] 23.85593 23.85593 23.85593 23.85593 23.85593
[1] 33.40668
[1] 379.7372
[1] 360.5378
[1] 295.6705 295.6705 295.6705 295.6705 295.6705
[1] 379.6472
[1] 105.5517
[1] 94.15068
[1] 7.606768
[1] 5.90882
[1] 5.38529 5.38529 5.38529 5.38529 5.38529
[1] 8.213611 8.213611 8.213611 8.213611 8.213611
[1] 146.8199
[1] 142.7103
[1] 115.8955 115.8955 115.8955 115.8955 115.8955
[1] 148.8381
[1] 10.97318
[1] 7.624893
[1] 7.042859 7.042859 7.042859 7.042859 7.042859
[1] 10.87258 10.87258 10.87258 10.87258 10.87258
[1] 35.61613
[1] 30.0013
[1] 25.69361 25.69361 25.69361 25.69361 25.69361
[1] 36.80575
[1] -4.664291
[1] -6.653264
[1] -4.638816 -4.638816 -4.638816 -4.638816 -4.638816
[1] -6.602579 -6.602579 -6.602579 -6.602579 -6.602579
[1] 16.85139
[1] 11.5059
[1] 11.10172 11.10172 11.10172 11.10172 11.10172
[1] 17.99641
[1] 177.7335
[1] 164.0584
[1] 137.5603 137.5603 137.5603 137.5603 137.5603
[1] 177.6435
[1] 111.7065
[1] 108.7273
[1] 87.82107 87.82107 87.82107 87.82107 87.82107
[1] 115.236
[1] 168.8977
[1] 164.8437
[1] 133.3639 133.3639 133.3639 133.3639 133.3639
[1] 172.0131
[1] 14.42123
[1] 9.757087
[1] 9.765248 9.765248 9.765248 9.765248 9.765248
[1] 14.92846
[1] 106.21
[1] 101.4832
[1] 82.9049 82.9049 82.9049 82.9049 82.9049
[1] 107.174
[1] 75.66753
[1] 72.72381
[1] 59.33148 59.33148 59.33148 59.33148 59.33148
[1] 78.97835
[1] 59.77625
[1] 54.7296
[1] 45.84117 45.84117 45.84117 45.84117 45.84117
[1] 63.40414
[1] 0.8839807
[1] -7.015447
[1] -3.314427 -3.314427 -3.314427 -3.314427 -3.314427
[1] 0.7939807
[1] 15.17324
[1] 12.89378
[1] 11.24755 11.24755 11.24755 11.24755 11.24755
[1] 17.47744 17.47744 17.47744 17.47744 17.47744
[1] 53.00428
[1] 48.69024
[1] 41.05316 41.05316 41.05316 41.05316 41.05316
[1] 54.5754
[1] 30.56354
[1] 22.0922
[1] 20.31582 20.31582 20.31582 20.31582 20.31582
[1] 30.47354
[1] 0.3815087
[1] -1.169413
[1] -0.2620276 -0.2620276 -0.2620276 -0.2620276 -0.2620276
[1] -0.2483105 -0.2483105 -0.2483105 -0.2483105 -0.2483105
[1] 7.606287
[1] 1.68443
[1] 5.058481 5.058481 5.058481 5.058481 5.058481
[1] 8.005017
[1] 39.22374
[1] 24.75894
[1] 23.50695 23.50695 23.50695 23.50695 23.50695
[1] 39.13374
[1] 107.2176
[1] 101.9465
[1] 83.01876 83.01876 83.01876 83.01876 83.01876
[1] 109.3254
[1] 59.15088
[1] 56.33476
[1] 45.9741 45.9741 45.9741 45.9741 45.9741
[1] 62.70449
[1] 139.8643
[1] 128.1844
[1] 110.8975 110.8975 110.8975 110.8975 110.8975
[1] 139.7743
[1] 3.28047
[1] -1.364237
[1] 0.4587287 0.4587287 0.4587287 0.4587287 0.4587287
[1] 2.919162 2.919162 2.919162 2.919162 2.919162
[1] 625.773
[1] 611.748
[1] 494.2055 494.2055 494.2055 494.2055 494.2055
[1] 625.683
[1] 74.63541
[1] 68.98447
[1] 57.1621 57.1621 57.1621 57.1621 57.1621
[1] 75.8516
[1] 1.044774
[1] -2.622314
[1] -0.8458727 -0.8458727 -0.8458727 -0.8458727 -0.8458727
[1] 0.5262615 0.5262615 0.5262615 0.5262615 0.5262615
[1] 261.6101
[1] 247.0711
[1] 204.7204 204.7204 204.7204 204.7204 204.7204
[1] 261.5201
[1] 48.20437
[1] 39.8243
[1] 35.30421 35.30421 35.30421 35.30421 35.30421
[1] 48.11437
[1] 18.93253
[1] 17.24431
[1] 14.44312 14.44312 14.44312 14.44312 14.44312
[1] 22.03767 22.03767 22.03767 22.03767 22.03767
[1] 93.00618
[1] 88.85208
[1] 72.01747 72.01747 72.01747 72.01747 72.01747
[1] 96.19472
[1] 7.583064
[1] 3.912666
[1] 4.252122 4.252122 4.252122 4.252122 4.252122
[1] 7.257466 7.257466 7.257466 7.257466 7.257466
[1] 327.2196
[1] 305.2064
[1] 253.7558 253.7558 253.7558 253.7558 253.7558
[1] 327.1296
[1] -5.438748
[1] -7.729894
[1] -5.551947 -5.551947 -5.551947 -5.551947 -5.551947
[1] -8.141826 -8.141826 -8.141826 -8.141826 -8.141826
[1] 51.95963
[1] 48.26649
[1] 39.8049 39.8049 39.8049 39.8049 39.8049
[1] 55.7786
[1] 124.1553
[1] 120.7619
[1] 98.11466 98.11466 98.11466 98.11466 98.11466
[1] 127.4034
[1] 42.11341
[1] 40.03901
[1] 32.81123 32.81123 32.81123 32.81123 32.81123
[1] 47.21827
[1] 210.4238
[1] 207.3109
[1] 166.6971 166.6971 166.6971 166.6971 166.6971
[1] 212.2817
[1] 349.1087
[1] 342.5345
[1] 276.1774 276.1774 276.1774 276.1774 276.1774
[1] 349.0187
[1] -1.351877
[1] -4.535183
[1] -2.63221 -2.63221 -2.63221 -2.63221 -2.63221
[1] -3.795062 -3.795062 -3.795062 -3.795062 -3.795062
[1] 5.289765
[1] -0.8905855
[1] 2.618584 2.618584 2.618584 2.618584 2.618584
[1] 5.199765
[1] 137.4683
[1] 132.6878
[1] 108.2658 108.2658 108.2658 108.2658 108.2658
[1] 138.2825
[1] 167.3648
[1] 157.866
[1] 130.3964 130.3964 130.3964 130.3964 130.3964
[1] 167.2748
[1] 10.1144
[1] 7.792653
[1] 6.973938 6.973938 6.973938 6.973938 6.973938
[1] 10.57802 10.57802 10.57802 10.57802 10.57802
[1] 16.78214
[1] 14.58494
[1] 12.28966 12.28966 12.28966 12.28966 12.28966
[1] 18.64793 18.64793 18.64793 18.64793 18.64793
[1] 91.15802
[1] 87.30539
[1] 70.89525 70.89525 70.89525 70.89525 70.89525
[1] 92.31946
[1] 31.37099
[1] 26.83398
[1] 23.10371 23.10371 23.10371 23.10371 23.10371
[1] 34.33188
[1] 207.1382
[1] 201.8157
[1] 162.4664 162.4664 162.4664 162.4664 162.4664
[1] 209.3699
[1] 133.4756
[1] 130.5646
[1] 106.3208 106.3208 106.3208 106.3208 106.3208
[1] 136.2312
[1] 10.77335
[1] 6.558764
[1] 7.849393 7.849393 7.849393 7.849393 7.849393
[1] 13.24867
[1] 202.3765
[1] 193.7567
[1] 157.4533 157.4533 157.4533 157.4533 157.4533
[1] 202.2865
[1] 215.5519
[1] 179.9459
[1] 157.9815 157.9815 157.9815 157.9815 157.9815
[1] 215.4619
[1] 27.0936
[1] 21.18071
[1] 18.2832 18.2832 18.2832 18.2832 18.2832
[1] 27.90518 27.90518 27.90518 27.90518 27.90518
[1] 206.5159
[1] 195.484
[1] 161.2747 161.2747 161.2747 161.2747 161.2747
[1] 206.4259
[1] 160.4442
[1] 157.4223
[1] 126.7519 126.7519 126.7519 126.7519 126.7519
[1] 164.4504
[1] 182.6578
[1] 175.8308
[1] 143.9394 143.9394 143.9394 143.9394 143.9394
[1] 182.5678
[1] 105.7474
[1] 102.2755
[1] 82.63771 82.63771 82.63771 82.63771 82.63771
[1] 109.1475
[1] 159.3474
[1] 154.9842
[1] 125.6593 125.6593 125.6593 125.6593 125.6593
[1] 159.2574
[1] 147.0782
[1] 135.1015
[1] 113.7205 113.7205 113.7205 113.7205 113.7205
[1] 146.9882
[1] 0.7934246
[1] -15.19476
[1] -6.477598 -6.477598 -6.477598 -6.477598 -6.477598
[1] 0.7034246
[1] 159.4699
[1] 154.1639
[1] 125.8334 125.8334 125.8334 125.8334 125.8334
[1] 159.4653
[1] 134.3912
[1] 123.4645
[1] 102.804 102.804 102.804 102.804 102.804
[1] 134.3012
[1] 140.5036
[1] 132.6711
[1] 108.9945 108.9945 108.9945 108.9945 108.9945
[1] 140.4136
[1] 73.75125
[1] 70.82383
[1] 73.75125 73.75125 73.75125 73.75125 73.75125
[1] 77.31148
[1] 317.4155
[1] 301.7101
[1] 246.0119 246.0119 246.0119 246.0119 246.0119
[1] 317.3255
[1] -2.889531
[1] -4.57864
[1] -2.96607 -2.96607 -2.96607 -2.96607 -2.96607
[1] -3.849435 -3.849435 -3.849435 -3.849435 -3.849435
[1] 91.95768
[1] 84.51314
[1] 69.50575 69.50575 69.50575 69.50575 69.50575
[1] 91.86768
[1] 33.68973
[1] 12.83858
[1] 16.69563 16.69563 16.69563 16.69563 16.69563
[1] 33.59973
[1] 109.0657
[1] 100.6463
[1] 83.27045 83.27045 83.27045 83.27045 83.27045
[1] 108.9757
[1] 75.89591
[1] 71.5726
[1] 59.2683 59.2683 59.2683 59.2683 59.2683
[1] 77.51401
