
Attaching package: ‘dplyr’

The following objects are masked from ‘package:stats’:

    filter, lag

The following objects are masked from ‘package:base’:

    intersect, setdiff, setequal, union


Attaching package: ‘zoo’

The following objects are masked from ‘package:base’:

    as.Date, as.Date.numeric


Attaching package: ‘foreach’

The following objects are masked from ‘package:purrr’:

    accumulate, when

Package 'GA' version 3.2.4
Type 'citation("GA")' for citing this R package in publications.

Attaching package: ‘GA’

The following object is masked from ‘package:utils’:

    de

Warning messages:
1: In (function (X, FUN, ..., mc.preschedule = TRUE, mc.set.seed = TRUE,  :
  44 parallel function calls did not deliver results
2: In (function (X, FUN, ..., mc.preschedule = TRUE, mc.set.seed = TRUE,  :
  2 function calls resulted in an error
slurmstepd-ceewater-cpu010: error: Detected 44 oom_kill events in StepId=48476436.batch. Some of the step tasks have been OOM Killed.
